com/sun/jna/AltCallingConvention
com/sun/jna/Callback
com/sun/jna/CallbackParameterContext
com/sun/jna/CallbackProxy
com/sun/jna/CallbackReference
com/sun/jna/CallbackReference$AttachOptions
com/sun/jna/CallbackReference$DefaultCallbackProxy
com/sun/jna/CallbackReference$NativeFunctionHandler
com/sun/jna/CallbackResultContext
com/sun/jna/CallbackThreadInitializer
com/sun/jna/Callback$UncaughtExceptionHandler
com/sun/jna/DefaultTypeMapper
com/sun/jna/DefaultTypeMapper$Entry
com/sun/jna/ELFAnalyser
com/sun/jna/ELFAnalyser$ArmAeabiAttributesTag
com/sun/jna/ELFAnalyser$ArmAeabiAttributesTag$ParameterType
com/sun/jna/ELFAnalyser$ELFSectionHeaderEntry
com/sun/jna/ELFAnalyser$ELFSectionHeaders
com/sun/jna/ELFAnalyser$1
com/sun/jna/FromNativeContext
com/sun/jna/FromNativeConverter
com/sun/jna/Function
com/sun/jna/FunctionMapper
com/sun/jna/Function$NativeMappedArray
com/sun/jna/FunctionParameterContext
com/sun/jna/Function$PointerArray
com/sun/jna/Function$PostCallRead
com/sun/jna/FunctionResultContext
com/sun/jna/IntegerType
com/sun/jna/InvocationMapper
com/sun/jna/JNIEnv
com/sun/jna/LastErrorException
com/sun/jna/Library
com/sun/jna/Library$Handler
com/sun/jna/Library$Handler$FunctionInfo
com/sun/jna/Memory
com/sun/jna/Memory$SharedMemory
com/sun/jna/MethodParameterContext
com/sun/jna/MethodResultContext
com/sun/jna/Native
com/sun/jna/Native$AWT
com/sun/jna/Native$Buffers
com/sun/jna/Native$ffi_callback
com/sun/jna/NativeLibrary
com/sun/jna/NativeLibrary$1
com/sun/jna/NativeLibrary$2
com/sun/jna/NativeLong
com/sun/jna/NativeMapped
com/sun/jna/NativeMappedConverter
com/sun/jna/NativeString
com/sun/jna/NativeString$StringMemory
com/sun/jna/Native$1
com/sun/jna/Native$2
com/sun/jna/Native$3
com/sun/jna/Native$4
com/sun/jna/Native$5
com/sun/jna/Native$6
com/sun/jna/Native$7
com/sun/jna/Platform
com/sun/jna/Pointer
com/sun/jna/Pointer$Opaque
com/sun/jna/PointerType
com/sun/jna/Pointer$1
com/sun/jna/ptr/ByReference
com/sun/jna/ptr/ByteByReference
com/sun/jna/ptr/DoubleByReference
com/sun/jna/ptr/FloatByReference
com/sun/jna/ptr/IntByReference
com/sun/jna/ptr/LongByReference
com/sun/jna/ptr/NativeLongByReference
com/sun/jna/ptr/PointerByReference
com/sun/jna/ptr/ShortByReference
com/sun/jna/StringArray
com/sun/jna/Structure
com/sun/jna/Structure$AutoAllocated
com/sun/jna/Structure$ByReference
com/sun/jna/Structure$ByValue
com/sun/jna/Structure$FFIType
com/sun/jna/Structure$FFIType$FFITypes
com/sun/jna/Structure$FFIType$size_t
com/sun/jna/Structure$LayoutInfo
com/sun/jna/StructureReadContext
com/sun/jna/Structure$StructField
com/sun/jna/Structure$StructureSet
com/sun/jna/StructureWriteContext
com/sun/jna/Structure$1
com/sun/jna/Structure$2
com/sun/jna/Structure$3
com/sun/jna/ToNativeContext
com/sun/jna/ToNativeConverter
com/sun/jna/TypeConverter
com/sun/jna/TypeMapper
com/sun/jna/Union
com/sun/jna/VarArgsChecker
com/sun/jna/VarArgsChecker$NoVarArgsChecker
com/sun/jna/VarArgsChecker$RealVarArgsChecker
com/sun/jna/VarArgsChecker$1
com/sun/jna/Version
com/sun/jna/WeakMemoryHolder
com/sun/jna/win32/DLLCallback
com/sun/jna/win32/StdCall
com/sun/jna/win32/StdCallFunctionMapper
com/sun/jna/win32/StdCallLibrary
com/sun/jna/win32/StdCallLibrary$StdCallCallback
com/sun/jna/win32/W32APIFunctionMapper
com/sun/jna/win32/W32APIOptions
com/sun/jna/win32/W32APIOptions$1
com/sun/jna/win32/W32APIOptions$2
com/sun/jna/win32/W32APITypeMapper
com/sun/jna/win32/W32APITypeMapper$1
com/sun/jna/win32/W32APITypeMapper$2
com/sun/jna/WString
ev3dev/actuators/ev3/EV3Led
ev3dev/actuators/LCD
ev3dev/actuators/LCDJessie
ev3dev/actuators/LCDStretch
ev3dev/actuators/LCDStretch$Flusher
ev3dev/actuators/LCDStretch$1
ev3dev/actuators/lego/motors/BaseRegulatedMotor
ev3dev/actuators/lego/motors/BasicMotor
ev3dev/actuators/lego/motors/EV3LargeRegulatedMotor
ev3dev/actuators/lego/motors/EV3MediumRegulatedMotor
ev3dev/actuators/lego/motors/Motor
ev3dev/actuators/lego/motors/NXTRegulatedMotor
ev3dev/actuators/lego/motors/UnregulatedMotor
ev3dev/actuators/Sound
ev3dev/hardware/display/BitFramebuffer
ev3dev/hardware/display/BitFramebufferProvider
ev3dev/hardware/display/DisplayInterface
ev3dev/hardware/display/ImageUtils
ev3dev/hardware/display/JavaFramebuffer
ev3dev/hardware/display/LinuxFramebuffer
ev3dev/hardware/display/OwnedDisplay
ev3dev/hardware/display/RGBFramebuffer
ev3dev/hardware/display/RGBFramebufferProvider
ev3dev/hardware/display/spi/AllImplFailedException
ev3dev/hardware/display/spi/FramebufferProvider
ev3dev/hardware/display/StolenDisplay
ev3dev/hardware/display/SystemDisplay
ev3dev/hardware/EV3DevDevice
ev3dev/hardware/EV3DevDistro
ev3dev/hardware/EV3DevDistros
ev3dev/hardware/EV3DevFileSystem
ev3dev/hardware/EV3DevMotorDevice
ev3dev/hardware/EV3DevPlatform
ev3dev/hardware/EV3DevPlatforms
ev3dev/hardware/EV3DevPropertyLoader
ev3dev/hardware/EV3DevSensorDevice
ev3dev/robotics/tts/Espeak
ev3dev/sensors/BaseSensor
ev3dev/sensors/Battery
ev3dev/sensors/Button
ev3dev/sensors/ev3/EV3ColorSensor
ev3dev/sensors/ev3/EV3GyroSensor
ev3dev/sensors/ev3/EV3IRSensor
ev3dev/sensors/ev3/EV3TouchSensor
ev3dev/sensors/ev3/EV3UltrasonicSensor
ev3dev/sensors/EV3Key
ev3dev/sensors/EV3Key$KeyType
ev3dev/sensors/GenericMode
ev3dev/sensors/mindsensors/AbsoluteIMU
ev3dev/sensors/mindsensors/NXTCamV5
ev3dev/utils/Brickman
ev3dev/utils/Interpolation
ev3dev/utils/io/ILibc
ev3dev/utils/io/NativeConstants
ev3dev/utils/io/NativeDevice
ev3dev/utils/io/NativeFile
ev3dev/utils/io/NativeFramebuffer
ev3dev/utils/io/NativeFramebuffer$fb_bitfield
ev3dev/utils/io/NativeFramebuffer$fb_bitfield$ByReference
ev3dev/utils/io/NativeFramebuffer$fb_bitfield$ByValue
ev3dev/utils/io/NativeFramebuffer$fb_con2fbmap
ev3dev/utils/io/NativeFramebuffer$fb_fix_screeninfo
ev3dev/utils/io/NativeFramebuffer$fb_fix_screeninfo$ByReference
ev3dev/utils/io/NativeFramebuffer$fb_fix_screeninfo$ByValue
ev3dev/utils/io/NativeFramebuffer$fb_var_screeninfo
ev3dev/utils/io/NativeFramebuffer$fb_var_screeninfo$ByReference
ev3dev/utils/io/NativeFramebuffer$fb_var_screeninfo$ByValue
ev3dev/utils/io/NativeLibc
ev3dev/utils/io/NativeTTY
ev3dev/utils/io/NativeTTY$vt_mode
ev3dev/utils/io/NativeTTY$vt_stat
ev3dev/utils/JarResource
ev3dev/utils/PilotProps
ev3dev/utils/Shell
ev3dev/utils/Sysfs
ev3dev/utils/USBPort
java/io/BufferedInputStream
java/io/BufferedOutputStream
java/io/BufferedWriter
java/io/ByteArrayInputStream
java/io/Closeable
java/io/DataInput
java/io/DataInputStream
java/io/DataOutput
java/io/DefaultFileSystem
java/io/ExpiringCache
java/io/ExpiringCache$Entry
java/io/ExpiringCache$1
java/io/Externalizable
java/io/File
java/io/FileCleanable
java/io/FileDescriptor
java/io/FileDescriptor$1
java/io/FileInputStream
java/io/FileInputStream$1
java/io/FileOutputStream
java/io/File$PathStatus
java/io/FilePermission
java/io/FilePermissionCollection
java/io/FilePermissionCollection$1
java/io/FilePermission$1
java/io/FileSystem
java/io/FilterInputStream
java/io/FilterOutputStream
java/io/Flushable
java/io/InputStream
java/io/ObjectStreamField
java/io/OutputStream
java/io/OutputStreamWriter
java/io/PrintStream
java/io/RandomAccessFile
java/io/RandomAccessFile$2
java/io/Serializable
java/io/UnixFileSystem
java/io/Writer
java/lang/AbstractStringBuilder
java/lang/annotation/Annotation
java/lang/Appendable
java/lang/ApplicationShutdownHooks
java/lang/ApplicationShutdownHooks$1
java/lang/ArithmeticException
java/lang/ArrayStoreException
java/lang/AssertionStatusDirectives
java/lang/AutoCloseable
java/lang/Boolean
java/lang/BootstrapMethodError
java/lang/Byte
java/lang/Byte$ByteCache
java/lang/Class
java/lang/Class$Atomic
java/lang/ClassCastException
java/lang/ClassLoader
java/lang/ClassLoader$NativeLibrary
java/lang/ClassLoader$ParallelLoaders
java/lang/ClassLoader$2
java/lang/ClassNotFoundException
java/lang/Class$ReflectionData
java/lang/ClassValue
java/lang/ClassValue$ClassValueMap
java/lang/ClassValue$Entry
java/lang/ClassValue$Identity
java/lang/ClassValue$Version
java/lang/Class$1
java/lang/Class$3
java/lang/Cloneable
java/lang/Comparable
java/lang/CompoundEnumeration
java/lang/Double
java/lang/Enum
java/lang/Error
java/lang/Exception
java/lang/Float
java/lang/Character
java/lang/CharacterData
java/lang/CharacterDataLatin1
java/lang/Character$CharacterCache
java/lang/CharSequence
java/lang/IllegalArgumentException
java/lang/IllegalMonitorStateException
java/lang/IncompatibleClassChangeError
java/lang/Integer
java/lang/Integer$IntegerCache
java/lang/invoke/AbstractValidatingLambdaMetafactory
java/lang/invoke/BootstrapMethodInvoker
java/lang/invoke/BoundMethodHandle
java/lang/invoke/BoundMethodHandle$Specializer
java/lang/invoke/BoundMethodHandle$Specializer$Factory
java/lang/invoke/BoundMethodHandle$SpeciesData
java/lang/invoke/BoundMethodHandle$Species_L
java/lang/invoke/CallSite
java/lang/invoke/ClassSpecializer
java/lang/invoke/ClassSpecializer$Factory
java/lang/invoke/ClassSpecializer$Factory$1Var
java/lang/invoke/ClassSpecializer$SpeciesData
java/lang/invoke/ClassSpecializer$1
java/lang/invoke/ConstantCallSite
java/lang/invoke/DelegatingMethodHandle
java/lang/invoke/DelegatingMethodHandle$Holder
java/lang/invoke/DirectMethodHandle
java/lang/invoke/DirectMethodHandle$Accessor
java/lang/invoke/DirectMethodHandle$Constructor
java/lang/invoke/DirectMethodHandle$Holder
java/lang/invoke/DirectMethodHandle$Special
java/lang/invoke/DirectMethodHandle$1
java/lang/invoke/InfoFromMemberName
java/lang/invoke/InnerClassLambdaMetafactory
java/lang/invoke/InnerClassLambdaMetafactory$ForwardingMethodGenerator
java/lang/invoke/InnerClassLambdaMetafactory$1
java/lang/invoke/InvokerBytecodeGenerator
java/lang/invoke/InvokerBytecodeGenerator$CpPatch
java/lang/invoke/InvokerBytecodeGenerator$2
java/lang/invoke/Invokers
java/lang/invoke/Invokers$Holder
java/lang/invoke/LambdaForm
java/lang/invoke/LambdaForm$BasicType
java/lang/invoke/LambdaFormBuffer
java/lang/invoke/LambdaFormEditor
java/lang/invoke/LambdaFormEditor$Transform
java/lang/invoke/LambdaForm$Holder
java/lang/invoke/LambdaForm$Kind
java/lang/invoke/LambdaForm$Name
java/lang/invoke/LambdaForm$NamedFunction
java/lang/invoke/LambdaMetafactory
java/lang/invoke/MemberName
java/lang/invoke/MemberName$Factory
java/lang/invoke/MethodHandle
java/lang/invoke/MethodHandleImpl
java/lang/invoke/MethodHandleImpl$AsVarargsCollector
java/lang/invoke/MethodHandleImpl$Intrinsic
java/lang/invoke/MethodHandleImpl$IntrinsicMethodHandle
java/lang/invoke/MethodHandleImpl$1
java/lang/invoke/MethodHandleInfo
java/lang/invoke/MethodHandleNatives
java/lang/invoke/MethodHandleNatives$CallSiteContext
java/lang/invoke/MethodHandles
java/lang/invoke/MethodHandles$Lookup
java/lang/invoke/MethodHandleStatics
java/lang/invoke/MethodHandles$1
java/lang/invoke/MethodType
java/lang/invoke/MethodType$ConcurrentWeakInternSet
java/lang/invoke/MethodType$ConcurrentWeakInternSet$WeakEntry
java/lang/invoke/MethodTypeForm
java/lang/invoke/MutableCallSite
java/lang/invoke/ResolvedMethodName
java/lang/invoke/SimpleMethodHandle
java/lang/invoke/StringConcatFactory
java/lang/invoke/StringConcatFactory$MethodHandleInlineCopyStrategy
java/lang/invoke/StringConcatFactory$MethodHandleInlineCopyStrategy$1
java/lang/invoke/StringConcatFactory$MethodHandleInlineCopyStrategy$2
java/lang/invoke/StringConcatFactory$MethodHandleInlineCopyStrategy$3
java/lang/invoke/StringConcatFactory$Mode
java/lang/invoke/StringConcatFactory$Recipe
java/lang/invoke/StringConcatFactory$RecipeElement
java/lang/invoke/StringConcatFactory$Strategy
java/lang/invoke/StringConcatFactory$Stringifiers
java/lang/invoke/StringConcatFactory$Stringifiers$StringifierAny
java/lang/invoke/StringConcatFactory$Stringifiers$StringifierMost
java/lang/invoke/StringConcatFactory$1
java/lang/invoke/TypeConvertingMethodAdapter
java/lang/invoke/VarForm
java/lang/invoke/VarHandle
java/lang/invoke/VarHandle$AccessDescriptor
java/lang/invoke/VarHandle$AccessMode
java/lang/invoke/VarHandle$AccessType
java/lang/invoke/VarHandleGuards
java/lang/invoke/VarHandleInts$FieldInstanceReadOnly
java/lang/invoke/VarHandleInts$FieldInstanceReadWrite
java/lang/invoke/VarHandleLongs$FieldInstanceReadOnly
java/lang/invoke/VarHandleLongs$FieldInstanceReadWrite
java/lang/invoke/VarHandleObjects$Array
java/lang/invoke/VarHandleObjects$FieldInstanceReadOnly
java/lang/invoke/VarHandleObjects$FieldInstanceReadWrite
java/lang/invoke/VarHandles
java/lang/invoke/VarHandle$1
java/lang/invoke/VolatileCallSite
java/lang/Iterable
java/lang/LinkageError
java/lang/LiveStackFrame
java/lang/LiveStackFrameInfo
java/lang/Long
java/lang/Long$LongCache
java/lang/Math
java/lang/Module
java/lang/module/Configuration
java/lang/ModuleLayer
java/lang/ModuleLayer$Controller
java/lang/module/ModuleDescriptor
java/lang/module/ModuleDescriptor$Exports
java/lang/module/ModuleDescriptor$Modifier
java/lang/module/ModuleDescriptor$Opens
java/lang/module/ModuleDescriptor$Provides
java/lang/module/ModuleDescriptor$Requires
java/lang/module/ModuleDescriptor$Requires$Modifier
java/lang/module/ModuleDescriptor$Version
java/lang/module/ModuleDescriptor$1
java/lang/module/ModuleFinder
java/lang/module/ModuleReader
java/lang/module/ModuleReference
java/lang/module/ResolvedModule
java/lang/NamedPackage
java/lang/NoClassDefFoundError
java/lang/NoSuchFieldException
java/lang/NoSuchMethodError
java/lang/NoSuchMethodException
java/lang/NullPointerException
java/lang/Number
java/lang/Object
java/lang/OutOfMemoryError
java/lang/Package
java/lang/Package$VersionInfo
java/lang/PublicMethods$Key
java/lang/PublicMethods$MethodList
java/lang/Readable
java/lang/ref/Cleaner
java/lang/ref/Cleaner$Cleanable
java/lang/ref/Cleaner$1
java/lang/ref/Finalizer
java/lang/ref/Finalizer$FinalizerThread
java/lang/ref/FinalReference
java/lang/reflect/AccessibleObject
java/lang/reflect/AnnotatedElement
java/lang/reflect/Array
java/lang/reflect/Constructor
java/lang/reflect/Executable
java/lang/reflect/Field
java/lang/reflect/GenericDeclaration
java/lang/ReflectiveOperationException
java/lang/reflect/Member
java/lang/reflect/Method
java/lang/reflect/Modifier
java/lang/reflect/Parameter
java/lang/reflect/ReflectAccess
java/lang/reflect/ReflectPermission
java/lang/reflect/Type
java/lang/ref/PhantomReference
java/lang/ref/Reference
java/lang/ref/ReferenceQueue
java/lang/ref/ReferenceQueue$Lock
java/lang/ref/ReferenceQueue$Null
java/lang/ref/Reference$ReferenceHandler
java/lang/ref/Reference$1
java/lang/ref/SoftReference
java/lang/ref/WeakReference
java/lang/Runnable
java/lang/Runtime
java/lang/RuntimeException
java/lang/RuntimePermission
java/lang/Runtime$Version
java/lang/SecurityManager
java/lang/Short
java/lang/Shutdown
java/lang/Shutdown$Lock
java/lang/StackFrameInfo
java/lang/StackOverflowError
java/lang/StackStreamFactory
java/lang/StackStreamFactory$AbstractStackWalker
java/lang/StackStreamFactory$FrameBuffer
java/lang/StackStreamFactory$StackFrameTraverser
java/lang/StackStreamFactory$StackFrameTraverser$StackFrameBuffer
java/lang/StackStreamFactory$WalkerState
java/lang/StackStreamFactory$1
java/lang/StackTraceElement
java/lang/StackWalker
java/lang/StackWalker$ExtendedOption
java/lang/StackWalker$Option
java/lang/StackWalker$StackFrame
java/lang/String
java/lang/StringBuffer
java/lang/StringBuilder
java/lang/String$CaseInsensitiveComparator
java/lang/StringCoding
java/lang/StringCoding$Result
java/lang/StringCoding$1
java/lang/StringConcatHelper
java/lang/StringLatin1
java/lang/StringUTF16
java/lang/System
java/lang/System$Logger
java/lang/System$LoggerFinder
java/lang/System$Logger$Level
java/lang/System$2
java/lang/Terminator
java/lang/Terminator$1
java/lang/Thread
java/lang/ThreadDeath
java/lang/ThreadGroup
java/lang/ThreadLocal
java/lang/ThreadLocal$ThreadLocalMap
java/lang/ThreadLocal$ThreadLocalMap$Entry
java/lang/Thread$UncaughtExceptionHandler
java/lang/Throwable
java/lang/VersionProps
java/lang/VirtualMachineError
java/lang/Void
java/math/BigDecimal
java/math/BigDecimal$1
java/math/BigInteger
java/math/RoundingMode
java/net/InetAddress
java/net/InetAddressImpl
java/net/InetAddressImplFactory
java/net/InetAddress$InetAddressHolder
java/net/InetAddress$NameService
java/net/InetAddress$PlatformNameService
java/net/InetAddress$1
java/net/InetAddress$2
java/net/Inet4Address
java/net/Inet4AddressImpl
java/net/NetPermission
java/net/SocketPermission
java/net/URI
java/net/URI$Parser
java/net/URI$1
java/net/URL
java/net/URLConnection
java/net/URL$DefaultFactory
java/net/URLStreamHandler
java/net/URLStreamHandlerFactory
java/net/URL$3
java/nio/Bits
java/nio/Bits$1
java/nio/Buffer
java/nio/Buffer$1
java/nio/ByteBuffer
java/nio/ByteOrder
java/nio/DirectByteBuffer
java/nio/DirectByteBufferR
java/nio/DirectIntBufferRU
java/nio/DirectIntBufferU
java/nio/DirectLongBufferU
java/nio/file/attribute/AttributeView
java/nio/file/attribute/BasicFileAttributes
java/nio/file/attribute/BasicFileAttributeView
java/nio/file/attribute/DosFileAttributes
java/nio/file/attribute/DosFileAttributeView
java/nio/file/attribute/FileAttributeView
java/nio/file/attribute/FileTime
java/nio/file/attribute/PosixFileAttributes
java/nio/file/attribute/UserDefinedFileAttributeView
java/nio/file/CopyOption
java/nio/file/Files
java/nio/file/FileSystem
java/nio/file/FileSystems
java/nio/file/FileSystems$DefaultFileSystemHolder
java/nio/file/FileSystems$DefaultFileSystemHolder$1
java/nio/file/LinkOption
java/nio/file/OpenOption
java/nio/file/Path
java/nio/file/Paths
java/nio/file/spi/FileSystemProvider
java/nio/file/StandardOpenOption
java/nio/file/Watchable
java/nio/HeapByteBuffer
java/nio/HeapCharBuffer
java/nio/CharBuffer
java/nio/charset/CoderResult
java/nio/charset/CodingErrorAction
java/nio/charset/Charset
java/nio/charset/CharsetEncoder
java/nio/charset/spi/CharsetProvider
java/nio/charset/StandardCharsets
java/nio/IntBuffer
java/nio/LongBuffer
java/nio/MappedByteBuffer
java/security/AccessControlContext
java/security/AccessController
java/security/AccessController$1
java/security/AllPermission
java/security/AllPermissionCollection
java/security/BasicPermission
java/security/BasicPermissionCollection
java/security/cert/Certificate
java/security/CodeSource
java/security/Guard
java/security/Permission
java/security/PermissionCollection
java/security/Permissions
java/security/Permissions$1
java/security/Principal
java/security/PrivilegedAction
java/security/PrivilegedExceptionAction
java/security/ProtectionDomain
java/security/ProtectionDomain$JavaSecurityAccessImpl
java/security/ProtectionDomain$Key
java/security/SecureClassLoader
java/security/SecureClassLoader$CodeSourceKey
java/security/SecureClassLoader$DebugHolder
java/security/SecureClassLoader$1
java/security/SecurityPermission
java/security/UnresolvedPermission
java/text/AttributedCharacterIterator$Attribute
java/text/DateFormat
java/text/DateFormat$Field
java/text/DateFormatSymbols
java/text/DecimalFormat
java/text/DecimalFormatSymbols
java/text/DigitList
java/text/DontCareFieldPosition
java/text/DontCareFieldPosition$1
java/text/FieldPosition
java/text/Format
java/text/Format$Field
java/text/Format$FieldDelegate
java/text/NumberFormat
java/text/NumberFormat$Field
java/text/SimpleDateFormat
java/text/spi/BreakIteratorProvider
java/text/spi/CollatorProvider
java/text/spi/DateFormatProvider
java/text/spi/DateFormatSymbolsProvider
java/text/spi/DecimalFormatSymbolsProvider
java/text/spi/NumberFormatProvider
java/time/Clock
java/time/Clock$SystemClock
java/time/Duration
java/time/format/DateTimeFormatter
java/time/format/DateTimeFormatterBuilder
java/time/format/DateTimeFormatterBuilder$CompositePrinterParser
java/time/format/DateTimeFormatterBuilder$DateTimePrinterParser
java/time/format/DateTimeFormatterBuilder$FractionPrinterParser
java/time/format/DateTimeFormatterBuilder$CharLiteralPrinterParser
java/time/format/DateTimeFormatterBuilder$InstantPrinterParser
java/time/format/DateTimeFormatterBuilder$NumberPrinterParser
java/time/format/DateTimeFormatterBuilder$OffsetIdPrinterParser
java/time/format/DateTimeFormatterBuilder$SettingsParser
java/time/format/DateTimeFormatterBuilder$StringLiteralPrinterParser
java/time/format/DateTimeFormatterBuilder$TextPrinterParser
java/time/format/DateTimeFormatterBuilder$ZoneIdPrinterParser
java/time/format/DateTimeFormatterBuilder$1
java/time/format/DateTimeFormatterBuilder$2
java/time/format/DateTimeFormatterBuilder$3
java/time/format/DateTimePrintContext
java/time/format/DateTimeTextProvider
java/time/format/DateTimeTextProvider$LocaleStore
java/time/format/DateTimeTextProvider$1
java/time/format/DecimalStyle
java/time/format/ResolverStyle
java/time/format/SignStyle
java/time/format/TextStyle
java/time/chrono/AbstractChronology
java/time/chrono/ChronoLocalDate
java/time/chrono/ChronoLocalDateTime
java/time/chrono/Chronology
java/time/chrono/ChronoPeriod
java/time/chrono/ChronoZonedDateTime
java/time/chrono/IsoChronology
java/time/Instant
java/time/LocalDate
java/time/LocalDateTime
java/time/LocalDate$1
java/time/LocalTime
java/time/LocalTime$1
java/time/Period
java/time/temporal/ChronoField
java/time/temporal/ChronoUnit
java/time/temporal/IsoFields
java/time/temporal/IsoFields$Field
java/time/temporal/IsoFields$Field$1
java/time/temporal/IsoFields$Field$2
java/time/temporal/IsoFields$Field$3
java/time/temporal/IsoFields$Field$4
java/time/temporal/IsoFields$Unit
java/time/temporal/JulianFields
java/time/temporal/JulianFields$Field
java/time/temporal/Temporal
java/time/temporal/TemporalAccessor
java/time/temporal/TemporalAdjuster
java/time/temporal/TemporalAmount
java/time/temporal/TemporalField
java/time/temporal/TemporalQueries
java/time/temporal/TemporalQueries$1
java/time/temporal/TemporalQueries$2
java/time/temporal/TemporalQueries$3
java/time/temporal/TemporalQueries$4
java/time/temporal/TemporalQueries$5
java/time/temporal/TemporalQueries$6
java/time/temporal/TemporalQueries$7
java/time/temporal/TemporalQuery
java/time/temporal/TemporalUnit
java/time/temporal/ValueRange
java/time/ZonedDateTime
java/time/ZonedDateTime$1
java/time/ZoneId
java/time/ZoneOffset
java/time/ZoneRegion
java/time/zone/Ser
java/time/zone/TzdbZoneRulesProvider
java/time/zone/ZoneOffsetTransitionRule
java/time/zone/ZoneRules
java/time/zone/ZoneRulesProvider
java/time/zone/ZoneRulesProvider$1
java/util/AbstractCollection
java/util/AbstractList
java/util/AbstractMap
java/util/AbstractMap$SimpleImmutableEntry
java/util/AbstractMap$1
java/util/AbstractMap$1$1
java/util/AbstractSequentialList
java/util/AbstractSet
java/util/ArrayDeque
java/util/ArrayDeque$DeqIterator
java/util/ArrayList
java/util/ArrayList$ArrayListSpliterator
java/util/ArrayList$Itr
java/util/ArrayList$SubList
java/util/Arrays
java/util/Arrays$ArrayItr
java/util/Arrays$ArrayList
java/util/Arrays$LegacyMergeSort
java/util/Calendar
java/util/Calendar$Builder
java/util/Collection
java/util/Collections
java/util/Collections$EmptyEnumeration
java/util/Collections$EmptyIterator
java/util/Collections$EmptyList
java/util/Collections$EmptyMap
java/util/Collections$EmptySet
java/util/Collections$SetFromMap
java/util/Collections$SingletonMap
java/util/Collections$SingletonSet
java/util/Collections$SynchronizedCollection
java/util/Collections$SynchronizedMap
java/util/Collections$SynchronizedSet
java/util/Collections$UnmodifiableCollection
java/util/Collections$UnmodifiableCollection$1
java/util/Collections$UnmodifiableList
java/util/Collections$UnmodifiableMap
java/util/Collections$UnmodifiableRandomAccessList
java/util/Collections$UnmodifiableSet
java/util/Collections$1
java/util/Collections$3
java/util/Comparator
java/util/concurrent/AbstractExecutorService
java/util/concurrent/atomic/AtomicBoolean
java/util/concurrent/atomic/AtomicInteger
java/util/concurrent/atomic/AtomicLong
java/util/concurrent/atomic/LongAdder
java/util/concurrent/atomic/Striped64
java/util/concurrent/ConcurrentHashMap
java/util/concurrent/ConcurrentHashMap$BaseIterator
java/util/concurrent/ConcurrentHashMap$CollectionView
java/util/concurrent/ConcurrentHashMap$CounterCell
java/util/concurrent/ConcurrentHashMap$EntryIterator
java/util/concurrent/ConcurrentHashMap$EntrySetView
java/util/concurrent/ConcurrentHashMap$ForwardingNode
java/util/concurrent/ConcurrentHashMap$KeyIterator
java/util/concurrent/ConcurrentHashMap$KeySetView
java/util/concurrent/ConcurrentHashMap$MapEntry
java/util/concurrent/ConcurrentHashMap$Node
java/util/concurrent/ConcurrentHashMap$ReservationNode
java/util/concurrent/ConcurrentHashMap$Segment
java/util/concurrent/ConcurrentHashMap$Traverser
java/util/concurrent/ConcurrentHashMap$ValueIterator
java/util/concurrent/ConcurrentHashMap$ValuesView
java/util/concurrent/ConcurrentMap
java/util/concurrent/ConcurrentNavigableMap
java/util/concurrent/ConcurrentSkipListMap
java/util/concurrent/ConcurrentSkipListMap$Index
java/util/concurrent/ConcurrentSkipListMap$Node
java/util/concurrent/ConcurrentSkipListSet
java/util/concurrent/CopyOnWriteArrayList
java/util/concurrent/CopyOnWriteArrayList$COWIterator
java/util/concurrent/CountedCompleter
java/util/concurrent/Executor
java/util/concurrent/ExecutorService
java/util/concurrent/ForkJoinPool
java/util/concurrent/ForkJoinPool$DefaultForkJoinWorkerThreadFactory
java/util/concurrent/ForkJoinPool$DefaultForkJoinWorkerThreadFactory$1
java/util/concurrent/ForkJoinPool$ForkJoinWorkerThreadFactory
java/util/concurrent/ForkJoinPool$WorkQueue
java/util/concurrent/ForkJoinPool$1
java/util/concurrent/ForkJoinTask
java/util/concurrent/ForkJoinTask$ExceptionNode
java/util/concurrent/ForkJoinWorkerThread
java/util/concurrent/Future
java/util/concurrent/locks/AbstractOwnableSynchronizer
java/util/concurrent/locks/AbstractQueuedSynchronizer
java/util/concurrent/locks/AbstractQueuedSynchronizer$Node
java/util/concurrent/locks/Lock
java/util/concurrent/locks/LockSupport
java/util/concurrent/locks/ReentrantLock
java/util/concurrent/locks/ReentrantLock$NonfairSync
java/util/concurrent/locks/ReentrantLock$Sync
java/util/concurrent/ThreadFactory
java/util/concurrent/ThreadLocalRandom
java/util/concurrent/TimeUnit
java/util/Date
java/util/Deque
java/util/Dictionary
java/util/Enumeration
java/util/EnumMap
java/util/EnumMap$1
java/util/EnumSet
java/util/Formattable
java/util/Formatter
java/util/Formatter$Conversion
java/util/Formatter$DateTime
java/util/Formatter$FixedString
java/util/Formatter$Flags
java/util/Formatter$FormatSpecifier
java/util/Formatter$FormatString
java/util/function/BiConsumer
java/util/function/BiFunction
java/util/function/BinaryOperator
java/util/function/Consumer
java/util/function/Function
java/util/function/Predicate
java/util/function/Supplier
java/util/GregorianCalendar
java/util/HashMap
java/util/HashMap$EntryIterator
java/util/HashMap$EntrySet
java/util/HashMap$HashIterator
java/util/HashMap$KeyIterator
java/util/HashMap$KeySet
java/util/HashMap$Node
java/util/HashMap$TreeNode
java/util/HashMap$ValueIterator
java/util/HashMap$Values
java/util/HashSet
java/util/Hashtable
java/util/Hashtable$Entry
java/util/Hashtable$Enumerator
java/util/IdentityHashMap
java/util/IdentityHashMap$IdentityHashMapIterator
java/util/IdentityHashMap$KeyIterator
java/util/IdentityHashMap$KeySet
java/util/IdentityHashMap$Values
java/util/ImmutableCollections
java/util/ImmutableCollections$AbstractImmutableCollection
java/util/ImmutableCollections$AbstractImmutableList
java/util/ImmutableCollections$AbstractImmutableMap
java/util/ImmutableCollections$AbstractImmutableSet
java/util/ImmutableCollections$ListItr
java/util/ImmutableCollections$ListN
java/util/ImmutableCollections$List12
java/util/ImmutableCollections$MapN
java/util/ImmutableCollections$MapN$MapNIterator
java/util/ImmutableCollections$MapN$1
java/util/ImmutableCollections$SetN
java/util/ImmutableCollections$SetN$SetNIterator
java/util/ImmutableCollections$Set12
java/util/ImmutableCollections$Set12$1
java/util/ImmutableCollections$SubList
java/util/Iterator
java/util/jar/Attributes
java/util/jar/Attributes$Name
java/util/jar/JarEntry
java/util/jar/JarFile
java/util/jar/JarFile$JarFileEntry
java/util/jar/JarFile$1
java/util/jar/JavaUtilJarAccessImpl
java/util/jar/Manifest
java/util/jar/Manifest$FastInputStream
java/util/KeyValueHolder
java/util/LinkedHashMap
java/util/LinkedHashMap$Entry
java/util/LinkedHashMap$LinkedEntryIterator
java/util/LinkedHashMap$LinkedEntrySet
java/util/LinkedHashMap$LinkedHashIterator
java/util/LinkedList
java/util/LinkedList$Node
java/util/List
java/util/ListIterator
java/util/ListResourceBundle
java/util/Locale
java/util/Locale$Cache
java/util/Locale$Category
java/util/Locale$1
java/util/logging/ConsoleHandler
java/util/logging/ErrorManager
java/util/logging/Formatter
java/util/logging/Handler
java/util/logging/Handler$1
java/util/logging/Level
java/util/logging/Level$KnownLevel
java/util/logging/Level$RbAccess
java/util/logging/Logger
java/util/logging/Logger$ConfigurationData
java/util/logging/Logger$LoggerBundle
java/util/logging/Logger$SystemLoggerHelper
java/util/logging/Logger$SystemLoggerHelper$1
java/util/logging/LoggingPermission
java/util/logging/LogManager
java/util/logging/LogManager$Cleaner
java/util/logging/LogManager$CloseOnReset
java/util/logging/LogManager$LoggerContext
java/util/logging/LogManager$LoggerContext$1
java/util/logging/LogManager$LoggerWeakRef
java/util/logging/LogManager$LoggingProviderAccess
java/util/logging/LogManager$LogNode
java/util/logging/LogManager$RootLogger
java/util/logging/LogManager$SystemLoggerContext
java/util/logging/LogManager$VisitedLoggers
java/util/logging/LogManager$1
java/util/logging/LogManager$2
java/util/logging/LogManager$4
java/util/logging/LogRecord
java/util/logging/LogRecord$CallerFinder
java/util/logging/SimpleFormatter
java/util/logging/StreamHandler
java/util/logging/StreamHandler$1
java/util/Map
java/util/Map$Entry
java/util/NavigableMap
java/util/NavigableSet
java/util/Objects
java/util/Optional
java/util/Properties
java/util/Properties$EntrySet
java/util/Properties$LineReader
java/util/Queue
java/util/Random
java/util/RandomAccess
java/util/regex/ASCII
java/util/regex/CharPredicates
java/util/regex/IntHashSet
java/util/regex/Matcher
java/util/regex/MatchResult
java/util/regex/Pattern
java/util/regex/Pattern$Begin
java/util/regex/Pattern$BitClass
java/util/regex/Pattern$BmpCharPredicate
java/util/regex/Pattern$BmpCharProperty
java/util/regex/Pattern$BmpCharPropertyGreedy
java/util/regex/Pattern$Branch
java/util/regex/Pattern$BranchConn
java/util/regex/Pattern$First
java/util/regex/Pattern$GroupHead
java/util/regex/Pattern$GroupTail
java/util/regex/Pattern$CharPredicate
java/util/regex/Pattern$CharProperty
java/util/regex/Pattern$CharPropertyGreedy
java/util/regex/Pattern$LastNode
java/util/regex/Pattern$Node
java/util/regex/Pattern$Qtype
java/util/regex/Pattern$Ques
java/util/regex/Pattern$Slice
java/util/regex/Pattern$SliceNode
java/util/regex/Pattern$Start
java/util/regex/Pattern$TreeInfo
java/util/regex/Pattern$1
java/util/RegularEnumSet
java/util/ResourceBundle
java/util/ResourceBundle$BundleReference
java/util/ResourceBundle$CacheKey
java/util/ResourceBundle$CacheKeyReference
java/util/ResourceBundle$Control
java/util/ResourceBundle$Control$CandidateListCache
java/util/ResourceBundle$KeyElementReference
java/util/ResourceBundle$NoFallbackControl
java/util/ResourceBundle$ResourceBundleProviderHelper
java/util/ResourceBundle$SingleFormatControl
java/util/ResourceBundle$1
java/util/ResourceBundle$2
java/util/ResourceBundle$3
java/util/ServiceLoader
java/util/ServiceLoader$LazyClassPathLookupIterator
java/util/ServiceLoader$ModuleServicesLookupIterator
java/util/ServiceLoader$Provider
java/util/ServiceLoader$ProviderImpl
java/util/ServiceLoader$1
java/util/ServiceLoader$2
java/util/ServiceLoader$3
java/util/Set
java/util/SortedMap
java/util/SortedSet
java/util/spi/CalendarDataProvider
java/util/spi/CurrencyNameProvider
java/util/spi/LocaleNameProvider
java/util/spi/LocaleServiceProvider
java/util/spi/TimeZoneNameProvider
java/util/Spliterator
java/util/Spliterator$OfDouble
java/util/Spliterator$OfInt
java/util/Spliterator$OfLong
java/util/Spliterator$OfPrimitive
java/util/Spliterators
java/util/Spliterators$ArraySpliterator
java/util/Spliterators$EmptySpliterator
java/util/Spliterators$EmptySpliterator$OfDouble
java/util/Spliterators$EmptySpliterator$OfInt
java/util/Spliterators$EmptySpliterator$OfLong
java/util/Spliterators$EmptySpliterator$OfRef
java/util/Spliterators$1Adapter
java/util/stream/AbstractPipeline
java/util/stream/AbstractTask
java/util/stream/BaseStream
java/util/stream/Collector
java/util/stream/Collector$Characteristics
java/util/stream/Collectors
java/util/stream/Collectors$CollectorImpl
java/util/stream/FindOps
java/util/stream/FindOps$FindOp
java/util/stream/FindOps$FindSink
java/util/stream/FindOps$FindSink$OfRef
java/util/stream/PipelineHelper
java/util/stream/ReduceOps
java/util/stream/ReduceOps$AccumulatingSink
java/util/stream/ReduceOps$Box
java/util/stream/ReduceOps$ReduceOp
java/util/stream/ReduceOps$ReduceTask
java/util/stream/ReduceOps$3
java/util/stream/ReduceOps$3ReducingSink
java/util/stream/ReferencePipeline
java/util/stream/ReferencePipeline$Head
java/util/stream/ReferencePipeline$StatelessOp
java/util/stream/ReferencePipeline$2
java/util/stream/ReferencePipeline$2$1
java/util/stream/ReferencePipeline$3
java/util/stream/ReferencePipeline$3$1
java/util/stream/ReferencePipeline$7
java/util/stream/ReferencePipeline$7$1
java/util/stream/Sink
java/util/stream/Sink$ChainedReference
java/util/stream/Stream
java/util/stream/Stream$Builder
java/util/stream/StreamOpFlag
java/util/stream/StreamOpFlag$MaskBuilder
java/util/stream/StreamOpFlag$Type
java/util/stream/Streams
java/util/stream/Streams$AbstractStreamBuilderImpl
java/util/stream/StreamShape
java/util/stream/Streams$StreamBuilderImpl
java/util/stream/StreamSupport
java/util/stream/TerminalOp
java/util/stream/TerminalSink
java/util/StringJoiner
java/util/StringTokenizer
java/util/TimeZone
java/util/TimSort
java/util/Vector
java/util/WeakHashMap
java/util/WeakHashMap$Entry
java/util/WeakHashMap$KeySet
java/util/zip/Inflater
java/util/zip/Inflater$InflaterZStreamRef
java/util/zip/InflaterInputStream
java/util/zip/ZipCoder
java/util/zip/ZipCoder$UTF8
java/util/zip/ZipConstants
java/util/zip/ZipEntry
java/util/zip/ZipFile
java/util/zip/ZipFile$CleanableResource
java/util/zip/ZipFile$InflaterCleanupAction
java/util/zip/ZipFile$Source
java/util/zip/ZipFile$Source$End
java/util/zip/ZipFile$Source$Key
java/util/zip/ZipFile$ZipFileInflaterInputStream
java/util/zip/ZipFile$ZipFileInputStream
java/util/zip/ZipFile$1
java/util/zip/ZipUtils
jdk/internal/jimage/BasicImageReader
jdk/internal/jimage/BasicImageReader$1
jdk/internal/jimage/decompressor/Decompressor
jdk/internal/jimage/ImageHeader
jdk/internal/jimage/ImageLocation
jdk/internal/jimage/ImageReader
jdk/internal/jimage/ImageReaderFactory
jdk/internal/jimage/ImageReaderFactory$1
jdk/internal/jimage/ImageReader$SharedImageReader
jdk/internal/jimage/ImageStrings
jdk/internal/jimage/ImageStringsReader
jdk/internal/jimage/NativeImageBuffer
jdk/internal/jimage/NativeImageBuffer$1
jdk/internal/loader/AbstractClassLoaderValue
jdk/internal/loader/AbstractClassLoaderValue$Memoizer
jdk/internal/loader/BootLoader
jdk/internal/loader/BuiltinClassLoader
jdk/internal/loader/BuiltinClassLoader$LoadedModule
jdk/internal/loader/BuiltinClassLoader$1
jdk/internal/loader/BuiltinClassLoader$2
jdk/internal/loader/BuiltinClassLoader$5
jdk/internal/loader/ClassLoaders
jdk/internal/loader/ClassLoaders$AppClassLoader
jdk/internal/loader/ClassLoaders$BootClassLoader
jdk/internal/loader/ClassLoaders$PlatformClassLoader
jdk/internal/loader/ClassLoaderValue
jdk/internal/loader/FileURLMapper
jdk/internal/loader/Resource
jdk/internal/loader/URLClassPath
jdk/internal/loader/URLClassPath$JarLoader
jdk/internal/loader/URLClassPath$JarLoader$1
jdk/internal/loader/URLClassPath$JarLoader$2
jdk/internal/loader/URLClassPath$Loader
jdk/internal/loader/URLClassPath$1
jdk/internal/loader/URLClassPath$3
jdk/internal/logger/BootstrapLogger
jdk/internal/logger/BootstrapLogger$BootstrapExecutors
jdk/internal/logger/BootstrapLogger$DetectBackend
jdk/internal/logger/BootstrapLogger$DetectBackend$1
jdk/internal/logger/BootstrapLogger$LoggingBackend
jdk/internal/logger/BootstrapLogger$RedirectedLoggers
jdk/internal/logger/DefaultLoggerFinder
jdk/internal/logger/DefaultLoggerFinder$1
jdk/internal/logger/LazyLoggers
jdk/internal/logger/LazyLoggers$LazyLoggerFactories
jdk/internal/logger/LazyLoggers$1
jdk/internal/logger/LoggerFinderLoader
jdk/internal/logger/SimpleConsoleLogger
jdk/internal/logger/SimpleConsoleLogger$Formatting
jdk/internal/logger/SurrogateLogger
jdk/internal/misc/InnocuousThread
jdk/internal/misc/InnocuousThread$2
jdk/internal/misc/InnocuousThread$3
jdk/internal/misc/JavaIOFileDescriptorAccess
jdk/internal/misc/JavaIOFilePermissionAccess
jdk/internal/misc/JavaIORandomAccessFileAccess
jdk/internal/misc/JavaLangAccess
jdk/internal/misc/JavaLangInvokeAccess
jdk/internal/misc/JavaLangModuleAccess
jdk/internal/misc/JavaLangRefAccess
jdk/internal/misc/JavaNetInetAddressAccess
jdk/internal/misc/JavaNetUriAccess
jdk/internal/misc/JavaNetURLAccess
jdk/internal/misc/JavaNioAccess
jdk/internal/misc/JavaNioAccess$BufferPool
jdk/internal/misc/JavaSecurityAccess
jdk/internal/misc/JavaUtilJarAccess
jdk/internal/misc/JavaUtilResourceBundleAccess
jdk/internal/misc/JavaUtilZipFileAccess
jdk/internal/misc/OSEnvironment
jdk/internal/misc/SharedSecrets
jdk/internal/misc/Signal
jdk/internal/misc/Signal$Handler
jdk/internal/misc/Signal$NativeHandler
jdk/internal/misc/TerminatingThreadLocal
jdk/internal/misc/TerminatingThreadLocal$1
jdk/internal/misc/Unsafe
jdk/internal/misc/VM
jdk/internal/module/Builder
jdk/internal/module/Checks
jdk/internal/module/IllegalAccessLogger
jdk/internal/module/IllegalAccessLogger$Builder
jdk/internal/module/IllegalAccessLogger$Mode
jdk/internal/module/ModuleBootstrap
jdk/internal/module/ModuleBootstrap$Counters
jdk/internal/module/ModuleBootstrap$2
jdk/internal/module/ModuleHashes
jdk/internal/module/ModuleLoaderMap
jdk/internal/module/ModuleLoaderMap$Mapper
jdk/internal/module/ModulePatcher
jdk/internal/module/ModuleReferenceImpl
jdk/internal/module/ModuleResolution
jdk/internal/module/Modules
jdk/internal/module/ModuleTarget
jdk/internal/module/Resources
jdk/internal/module/ServicesCatalog
jdk/internal/module/ServicesCatalog$ServiceProvider
jdk/internal/module/SystemModuleFinders
jdk/internal/module/SystemModuleFinders$SystemImage
jdk/internal/module/SystemModuleFinders$SystemModuleFinder
jdk/internal/module/SystemModuleFinders$SystemModuleReader
jdk/internal/module/SystemModuleFinders$2
jdk/internal/module/SystemModules
jdk/internal/module/SystemModules$all
jdk/internal/module/SystemModulesMap
jdk/internal/org/objectweb/asm/AnnotationVisitor
jdk/internal/org/objectweb/asm/AnnotationWriter
jdk/internal/org/objectweb/asm/ByteVector
jdk/internal/org/objectweb/asm/ClassVisitor
jdk/internal/org/objectweb/asm/ClassWriter
jdk/internal/org/objectweb/asm/FieldVisitor
jdk/internal/org/objectweb/asm/FieldWriter
jdk/internal/org/objectweb/asm/Frame
jdk/internal/org/objectweb/asm/Item
jdk/internal/org/objectweb/asm/Label
jdk/internal/org/objectweb/asm/MethodVisitor
jdk/internal/org/objectweb/asm/MethodWriter
jdk/internal/org/objectweb/asm/Type
jdk/internal/perf/Perf
jdk/internal/perf/PerfCounter
jdk/internal/perf/PerfCounter$CoreCounters
jdk/internal/perf/Perf$GetPerfAction
jdk/internal/ref/Cleaner
jdk/internal/ref/CleanerFactory
jdk/internal/ref/CleanerFactory$1
jdk/internal/ref/CleanerFactory$1$1
jdk/internal/ref/CleanerImpl
jdk/internal/ref/CleanerImpl$CleanerCleanable
jdk/internal/ref/CleanerImpl$PhantomCleanableRef
jdk/internal/ref/CleanerImpl$SoftCleanableRef
jdk/internal/ref/CleanerImpl$WeakCleanableRef
jdk/internal/reflect/CallerSensitive
jdk/internal/reflect/ConstantPool
jdk/internal/reflect/ConstructorAccessor
jdk/internal/reflect/ConstructorAccessorImpl
jdk/internal/reflect/DelegatingClassLoader
jdk/internal/reflect/DelegatingConstructorAccessorImpl
jdk/internal/reflect/DelegatingMethodAccessorImpl
jdk/internal/reflect/FieldAccessor
jdk/internal/reflect/FieldAccessorImpl
jdk/internal/reflect/LangReflectAccess
jdk/internal/reflect/MagicAccessorImpl
jdk/internal/reflect/MethodAccessor
jdk/internal/reflect/MethodAccessorImpl
jdk/internal/reflect/NativeConstructorAccessorImpl
jdk/internal/reflect/NativeMethodAccessorImpl
jdk/internal/reflect/Reflection
jdk/internal/reflect/ReflectionFactory
jdk/internal/reflect/ReflectionFactory$GetReflectionFactoryAction
jdk/internal/reflect/UnsafeFieldAccessorImpl
jdk/internal/reflect/UnsafeStaticFieldAccessorImpl
jdk/internal/ref/PhantomCleanable
jdk/internal/ref/SoftCleanable
jdk/internal/ref/WeakCleanable
jdk/internal/util/jar/JarIndex
jdk/internal/util/Preconditions
jdk/internal/util/Preconditions$1
jdk/internal/util/StaticProperty
lejos/hardware/Audio
lejos/hardware/gps/Coordinates
lejos/hardware/gps/GGASentence
lejos/hardware/gps/GPS
lejos/hardware/gps/GPSListener
lejos/hardware/gps/GSASentence
lejos/hardware/gps/GSVSentence
lejos/hardware/gps/NMEASentence
lejos/hardware/gps/RMCSentence
lejos/hardware/gps/Satellite
lejos/hardware/gps/SimpleGPS
lejos/hardware/gps/VTGSentence
lejos/hardware/Key
lejos/hardware/KeyListener
lejos/hardware/Keys
lejos/hardware/lcd/CommonLCD
lejos/hardware/lcd/GraphicsLCD
lejos/hardware/lcd/TextLCD
lejos/hardware/LED
lejos/hardware/port/MotorPort
lejos/hardware/port/Port
lejos/hardware/port/SensorPort
lejos/hardware/Power
lejos/hardware/sensor/EV3SensorConstants
lejos/hardware/sensor/SensorMode
lejos/hardware/sensor/SensorModes
lejos/hardware/Sounds
lejos/internals/EV3DevPort
lejos/robotics/Accelerometer
lejos/robotics/AccelerometerAdapter
lejos/robotics/BaseMotor
lejos/robotics/Calibrate
lejos/robotics/Color
lejos/robotics/ColorIdentifier
lejos/robotics/DCMotor
lejos/robotics/DirectionFinder
lejos/robotics/DirectionFinderAdapter
lejos/robotics/Encoder
lejos/robotics/EV3DevBaseMotor
lejos/robotics/filter/AbstractCalibrationFilter
lejos/robotics/filter/AbstractCalibrationFilter$CalibrationFileException
lejos/robotics/filter/AbstractFilter
lejos/robotics/filter/ConcatenationFilter
lejos/robotics/filter/FilterTerminal
lejos/robotics/filter/IntegrationFilter
lejos/robotics/filter/LinearCalibrationFilter
lejos/robotics/filter/LowPassFilter
lejos/robotics/filter/MaximumFilter
lejos/robotics/filter/MeanFilter
lejos/robotics/filter/MedianFilter
lejos/robotics/filter/MinimumFilter
lejos/robotics/filter/ModulusFilter
lejos/robotics/filter/OffsetCorrectionFilter
lejos/robotics/filter/PublishedSource
lejos/robotics/filter/PublishedSource$Listener
lejos/robotics/filter/PublishedSource$1
lejos/robotics/filter/SampleBuffer
lejos/robotics/filter/SampleThread
lejos/robotics/filter/SampleThread$Runner
lejos/robotics/filter/SampleThread$1
lejos/robotics/filter/SliceFilter
lejos/robotics/filter/SubscribedProvider
lejos/robotics/filter/SumFilter
lejos/robotics/filter/SumFilter$PlainSum
lejos/robotics/filter/SumFilter$SmartSum
lejos/robotics/filter/SumFilter$1
lejos/robotics/filter/ZeroFilter
lejos/robotics/geometry/Line
lejos/robotics/geometry/Line2D
lejos/robotics/geometry/Line2D$Double
lejos/robotics/geometry/Line2D$Float
lejos/robotics/geometry/Point
lejos/robotics/geometry/Point2D
lejos/robotics/geometry/Point2D$Double
lejos/robotics/geometry/Point2D$Float
lejos/robotics/geometry/Rectangle
lejos/robotics/geometry/RectangleInt32
lejos/robotics/geometry/Rectangle2D
lejos/robotics/geometry/Rectangle2D$Double
lejos/robotics/geometry/Rectangle2D$Float
lejos/robotics/geometry/RectangularShape
lejos/robotics/geometry/Shape
lejos/robotics/Gyroscope
lejos/robotics/LampController
lejos/robotics/LightDetector
lejos/robotics/RangeFinder
lejos/robotics/RangeFinderAdapter
lejos/robotics/RangeReading
lejos/robotics/RangeReadings
lejos/robotics/RangeScanner
lejos/robotics/RegulatedMotor
lejos/robotics/RegulatedMotorListener
lejos/robotics/SampleProvider
lejos/robotics/subsumption/Arbitrator
lejos/robotics/subsumption/Arbitrator$Monitor
lejos/robotics/subsumption/Arbitrator$1
lejos/robotics/subsumption/Behavior
lejos/robotics/Tachometer
lejos/robotics/Touch
lejos/robotics/Transmittable
lejos/utility/Delay
lejos/utility/EndianTools
lejos/utility/GyroDirectionFinder
lejos/utility/GyroDirectionFinder$Regulator
lejos/utility/Integration
lejos/utility/KalmanFilter
lejos/utility/LUDecomposition
lejos/utility/Matrix
lejos/utility/Stopwatch
lejos/utility/Timer
lejos/utility/TimerListener
lejos/utility/Timer$1
org/slf4j/event/EventConstants
org/slf4j/event/EventRecodingLogger
org/slf4j/event/Level
org/slf4j/event/LoggingEvent
org/slf4j/event/SubstituteLoggingEvent
org/slf4j/helpers/BasicMarker
org/slf4j/helpers/BasicMarkerFactory
org/slf4j/helpers/BasicMDCAdapter
org/slf4j/helpers/BasicMDCAdapter$1
org/slf4j/helpers/FormattingTuple
org/slf4j/helpers/MarkerIgnoringBase
org/slf4j/helpers/MessageFormatter
org/slf4j/helpers/NamedLoggerBase
org/slf4j/helpers/NOPLogger
org/slf4j/helpers/NOPLoggerFactory
org/slf4j/helpers/NOPMDCAdapter
org/slf4j/helpers/SubstituteLogger
org/slf4j/helpers/SubstituteLoggerFactory
org/slf4j/helpers/Util
org/slf4j/helpers/Util$ClassContextSecurityManager
org/slf4j/helpers/Util$1
org/slf4j/ILoggerFactory
org/slf4j/IMarkerFactory
org/slf4j/impl/OutputChoice
org/slf4j/impl/OutputChoice$OutputChoiceType
org/slf4j/impl/OutputChoice$1
org/slf4j/impl/SimpleLogger
org/slf4j/impl/SimpleLoggerConfiguration
org/slf4j/impl/SimpleLoggerConfiguration$1
org/slf4j/impl/SimpleLoggerFactory
org/slf4j/impl/StaticLoggerBinder
org/slf4j/impl/StaticMarkerBinder
org/slf4j/impl/StaticMDCBinder
org/slf4j/Logger
org/slf4j/LoggerFactory
org/slf4j/Marker
org/slf4j/MarkerFactory
org/slf4j/MDC
org/slf4j/MDC$MDCCloseable
org/slf4j/MDC$1
org/slf4j/spi/LocationAwareLogger
org/slf4j/spi/LoggerFactoryBinder
org/slf4j/spi/MarkerFactoryBinder
org/slf4j/spi/MDCAdapter
sun/invoke/empty/Empty
sun/invoke/util/BytecodeDescriptor
sun/invoke/util/ValueConversions
sun/invoke/util/ValueConversions$WrapperCache
sun/invoke/util/VerifyAccess
sun/invoke/util/VerifyType
sun/invoke/util/Wrapper
sun/invoke/util/Wrapper$Format
sun/invoke/util/Wrapper$1
sun/launcher/LauncherHelper
sun/net/util/URLUtil
sun/net/www/MessageHeader
sun/net/www/ParseUtil
sun/net/www/protocol/file/FileURLConnection
sun/net/www/protocol/file/Handler
sun/net/www/protocol/jar/Handler
sun/net/www/protocol/jrt/Handler
sun/net/www/URLConnection
sun/nio/ByteBuffered
sun/nio/cs/HistoricallyNamedCharset
sun/nio/cs/ISO_8859_1
sun/nio/cs/StandardCharsets
sun/nio/cs/StandardCharsets$Aliases
sun/nio/cs/StandardCharsets$Cache
sun/nio/cs/StreamEncoder
sun/nio/cs/Surrogate
sun/nio/cs/Surrogate$Parser
sun/nio/cs/Unicode
sun/nio/cs/US_ASCII
sun/nio/cs/US_ASCII$Encoder
sun/nio/cs/UTF_16
sun/nio/cs/UTF_16BE
sun/nio/cs/UTF_16LE
sun/nio/cs/UTF_8
sun/nio/fs/AbstractBasicFileAttributeView
sun/nio/fs/AbstractFileSystemProvider
sun/nio/fs/DefaultFileSystemProvider
sun/nio/fs/DynamicFileAttributeView
sun/nio/fs/LinuxFileSystem
sun/nio/fs/LinuxFileSystemProvider
sun/nio/fs/NativeBuffer
sun/nio/fs/NativeBuffer$Deallocator
sun/nio/fs/NativeBuffers
sun/nio/fs/NativeBuffers$1
sun/nio/fs/UnixFileAttributes
sun/nio/fs/UnixFileAttributes$UnixAsBasicFileAttributes
sun/nio/fs/UnixFileAttributeViews
sun/nio/fs/UnixFileAttributeViews$Basic
sun/nio/fs/UnixFileStoreAttributes
sun/nio/fs/UnixFileSystem
sun/nio/fs/UnixFileSystemProvider
sun/nio/fs/UnixMountEntry
sun/nio/fs/UnixNativeDispatcher
sun/nio/fs/UnixNativeDispatcher$1
sun/nio/fs/UnixPath
sun/nio/fs/Util
sun/nio/ch/DirectBuffer
sun/reflect/annotation/AnnotationParser
sun/reflect/misc/ReflectUtil
sun/security/action/GetBooleanAction
sun/security/action/GetPropertyAction
sun/security/util/Debug
sun/security/util/FilePermCompat
sun/security/util/SecurityConstants
sun/text/resources/cldr/FormatData
sun/text/resources/cldr/FormatData_en
sun/util/calendar/AbstractCalendar
sun/util/calendar/BaseCalendar
sun/util/calendar/BaseCalendar$Date
sun/util/calendar/CalendarDate
sun/util/calendar/CalendarSystem
sun/util/calendar/CalendarUtils
sun/util/calendar/Gregorian
sun/util/calendar/Gregorian$Date
sun/util/calendar/ZoneInfo
sun/util/calendar/ZoneInfoFile
sun/util/calendar/ZoneInfoFile$ZoneOffsetTransitionRule
sun/util/calendar/ZoneInfoFile$1
sun/util/cldr/CLDRBaseLocaleDataMetaInfo
sun/util/cldr/CLDRCalendarDataProviderImpl
sun/util/cldr/CLDRLocaleProviderAdapter
sun/util/cldr/CLDRLocaleProviderAdapter$1
sun/util/locale/BaseLocale
sun/util/locale/BaseLocale$Cache
sun/util/locale/BaseLocale$Key
sun/util/locale/InternalLocaleBuilder
sun/util/locale/InternalLocaleBuilder$CaseInsensitiveChar
sun/util/locale/LanguageTag
sun/util/locale/LocaleObjectCache
sun/util/locale/LocaleObjectCache$CacheEntry
sun/util/locale/LocaleUtils
sun/util/locale/ParseStatus
sun/util/locale/provider/AvailableLanguageTags
sun/util/locale/provider/CalendarDataProviderImpl
sun/util/locale/provider/CalendarDataUtility
sun/util/locale/provider/CalendarDataUtility$CalendarWeekParameterGetter
sun/util/locale/provider/CalendarProviderImpl
sun/util/locale/provider/DateFormatProviderImpl
sun/util/locale/provider/DateFormatSymbolsProviderImpl
sun/util/locale/provider/DecimalFormatSymbolsProviderImpl
sun/util/locale/provider/FallbackLocaleProviderAdapter
sun/util/locale/provider/JRELocaleProviderAdapter
sun/util/locale/provider/LocaleDataMetaInfo
sun/util/locale/provider/LocaleProviderAdapter
sun/util/locale/provider/LocaleProviderAdapter$NonExistentAdapter
sun/util/locale/provider/LocaleProviderAdapter$Type
sun/util/locale/provider/LocaleProviderAdapter$1
sun/util/locale/provider/LocaleResources
sun/util/locale/provider/LocaleResources$ResourceReference
sun/util/locale/provider/LocaleServiceProviderPool
sun/util/locale/provider/LocaleServiceProviderPool$LocalizedObjectGetter
sun/util/locale/provider/NumberFormatProviderImpl
sun/util/locale/provider/ResourceBundleBasedAdapter
sun/util/locale/StringTokenIterator
sun/util/logging/internal/LoggingProviderImpl
sun/util/logging/internal/LoggingProviderImpl$JULWrapper
sun/util/logging/internal/LoggingProviderImpl$LogManagerAccess
sun/util/logging/PlatformLogger
sun/util/logging/PlatformLogger$Bridge
sun/util/logging/PlatformLogger$ConfigurableBridge
sun/util/logging/PlatformLogger$ConfigurableBridge$LoggerConfiguration
sun/util/logging/PlatformLogger$Level
sun/util/logging/resources/logging
sun/util/PreHashedMap
sun/util/resources/Bundles
sun/util/resources/Bundles$BundleReference
sun/util/resources/Bundles$CacheKey
sun/util/resources/Bundles$CacheKeyReference
sun/util/resources/Bundles$Strategy
sun/util/resources/Bundles$1
sun/util/resources/LocaleData
sun/util/resources/LocaleData$LocaleDataStrategy
sun/util/resources/LocaleData$1
sun/util/spi/CalendarProvider
